// Jest Snapshot v1, https://goo.gl/fbAQLP

exports[`Branding renders correctly 1`] = `
<div>
  <a
    class="css-1fj3sfs-PureBranding"
    href="/"
  >
    <div
      class="css-tfpfm9-PureBranding"
    >
      <div
        class="css-7sc54i-PureBranding"
      >
        <img
          alt="Branding Logo"
          class="css-9taffg"
          src="test-file-stub"
        />
      </div>
      <div
        class="css-vurnku"
      >
        Gatsby
      </div>
    </div>
  </a>
</div>
`;
