// Jest Snapshot v1, https://goo.gl/fbAQLP

exports[`Header renders correctly 1`] = `
<div>
  <header
    class="css-14nc0uu-Header"
    data-testid="header"
  >
    <div
      class="css-zk5be6-Header"
    >
      <div
        class="css-i1z8pl"
      >
        <a
          class="css-13dgcig-Branding"
          data-testid="branding"
          href="/"
        >
          <div
            class="css-18ov0hz-Branding"
          >
            <div
              class="css-fhum7v-Branding"
            >
              <img
                alt="Branding Logo"
                class="css-9taffg"
                src="test-file-stub"
              />
            </div>
            <div
              class="css-vurnku"
            >
              Gatsby
            </div>
          </div>
        </a>
      </div>
      <div
        class="css-i1z8pl"
      >
        <div
          class="css-1l0o9ue-PureNavigation"
        >
          <button
            aria-label="Open Menu"
            class="css-wwcqj1"
            title="Menu"
          >
            <svg
              class="css-ipc245"
              fill="currentcolor"
              height="24"
              viewBox="0 0 24 24"
              width="24"
              xmlns="http://www.w3.org/2000/svg"
            >
              <path
                d="M3 18h18v-2H3v2zm0-5h18v-2H3v2zm0-7v2h18V6H3z"
              />
            </svg>
          </button>
        </div>
        <nav
          class="css-4swsle-PureNavigation"
        >
          <ul
            class="css-13786ft-PureNavigation"
          >
            <li
              class="css-1w5hvub"
            >
              <a
                class="css-1ys58o5"
                data-testid="gatsby-link"
                href="/"
                target="_self"
              >
                Home
              </a>
            </li>
            <li
              class="css-1w5hvub"
            >
              <a
                class="css-1ys58o5"
                data-testid="gatsby-link"
                href="/about"
                target="_self"
              >
                About
              </a>
            </li>
            <li
              class="css-1w5hvub"
            >
              <a
                class="css-1ys58o5"
                data-testid="gatsby-link"
                href="/work"
                target="_self"
              >
                Work
              </a>
            </li>
            <li
              class="css-1w5hvub"
            >
              <a
                class="css-1ys58o5"
                data-testid="gatsby-link"
                href="/team"
                target="_self"
              >
                Team
              </a>
            </li>
            <li
              class="css-1w5hvub"
            >
              <a
                class="css-1ys58o5"
                data-testid="gatsby-link"
                href="/blog"
                target="_self"
              >
                Blog
              </a>
            </li>
            <li
              class="css-1w5hvub"
            >
              <a
                class="css-1ys58o5"
                data-testid="gatsby-link"
                href="/contact"
                target="_self"
              >
                Contact
              </a>
            </li>
          </ul>
        </nav>
      </div>
    </div>
  </header>
</div>
`;
